// Jest Snapshot v1, https://goo.gl/fbAQLP

exports[`Testing on <AddCategory /> Must show <AddCategory /> correctly 1`] = `
<div>
  <form
    onSubmit={[Function]}
  >
    <input
      onChange={[Function]}
      placeholder="Enter a value"
      value=""
    />
  </form>
</div>
`;
